Script started on Thu May  9 21:27:20 2019
]0;root@otuslinux:~[?1034h[root@otuslinux ~]# parted -s /dev/md0 mklabel gpt
]0;root@otuslinux:~[root@otuslinux ~]# lasb   sblk 
NAME   MAJ:MIN RM  SIZE RO TYPE   MOUNTPOINT
sda      8:0    0   40G  0 disk   
`-sda1   8:1    0   40G  0 part   /
sdb      8:16   0  250M  0 disk   
sdc      8:32   0  250M  0 disk   
`-md0    9:0    0  744M  0 raid10 
sdd      8:48   0  250M  0 disk   
`-md0    9:0    0  744M  0 raid10 
sde      8:64   0  250M  0 disk   
`-md0    9:0    0  744M  0 raid10 
sdf      8:80   0  250M  0 disk   
`-md0    9:0    0  744M  0 raid10 
sdg      8:96   0  250M  0 disk   
`-md0    9:0    0  744M  0 raid10 
sdh      8:112  0  250M  0 disk   
`-md0    9:0    0  744M  0 raid10 
sdi      8:128  0  250M  0 disk   
`-md1    9:1    0  496M  0 raid5  
sdj      8:144  0  250M  0 disk   
`-md1    9:1    0  496M  0 raid5  
sdk      8:160  0  250M  0 disk   
`-md1    9:1    0  496M  0 raid5  
]0;root@otuslinux:~[root@otuslinux ~]# lsblk parted -s /dev/md0 mklabel gpt[1P[1P[1P/dev/md0 [1P[1P[1P[1P[1P[1P[1P[1P[1P[1Pt[Kmkpart primary ext4 0% 20%
Information: You may need to update /etc/fstab.

[?1034h                                                                          ]0;root@otuslinux:~[root@otuslinux ~]# parted /dev/md0 mkpart primary ext4 0% 20%ry ext4 0[1@20% [1P[1@4
Information: You may need to update /etc/fstab.

[?1034h                                                                          ]0;root@otuslinux:~[root@otuslinux ~]# parted /dev/md0 mkpart primary ext4 20% 40%[1P[1@40% [1P[1@6
Information: You may need to update /etc/fstab.

[?1034h                                                                          ]0;root@otuslinux:~[root@otuslinux ~]# parted /dev/md0 mkpart primary ext4 40% 60%[1P[1@60% 6[1P[1@8
Information: You may need to update /etc/fstab.

[?1034h                                                                          ]0;root@otuslinux:~[root@otuslinux ~]# parted /dev/md0 mkpart primary ext4 60% 80%[1P[1@80% [1P[1@100%
Information: You may need to update /etc/fstab.

[?1034h                                                                          ]0;root@otuslinux:~[root@otuslinux ~]# lsblk 
NAME      MAJ:MIN RM   SIZE RO TYPE   MOUNTPOINT
sda         8:0    0    40G  0 disk   
`-sda1      8:1    0    40G  0 part   /
sdb         8:16   0   250M  0 disk   
sdc         8:32   0   250M  0 disk   
`-md0       9:0    0   744M  0 raid10 
  |-md0p1 259:0    0   147M  0 md     
  |-md0p2 259:1    0 148.5M  0 md     
  |-md0p3 259:2    0   150M  0 md     
  |-md0p4 259:3    0 148.5M  0 md     
  `-md0p5 259:4    0   147M  0 md     
sdd         8:48   0   250M  0 disk   
`-md0       9:0    0   744M  0 raid10 
  |-md0p1 259:0    0   147M  0 md     
  |-md0p2 259:1    0 148.5M  0 md     
  |-md0p3 259:2    0   150M  0 md     
  |-md0p4 259:3    0 148.5M  0 md     
  `-md0p5 259:4    0   147M  0 md     
sde         8:64   0   250M  0 disk   
`-md0       9:0    0   744M  0 raid10 
  |-md0p1 259:0    0   147M  0 md     
  |-md0p2 259:1    0 148.5M  0 md     
  |-md0p3 259:2    0   150M  0 md     
  |-md0p4 259:3    0 148.5M  0 md     
  `-md0p5 259:4    0   147M  0 md     
sdf         8:80   0   250M  0 disk   
`-md0       9:0    0   744M  0 raid10 
  |-md0p1 259:0    0   147M  0 md     
  |-md0p2 259:1    0 148.5M  0 md     
  |-md0p3 259:2    0   150M  0 md     
  |-md0p4 259:3    0 148.5M  0 md     
  `-md0p5 259:4    0   147M  0 md     
sdg         8:96   0   250M  0 disk   
`-md0       9:0    0   744M  0 raid10 
  |-md0p1 259:0    0   147M  0 md     
  |-md0p2 259:1    0 148.5M  0 md     
  |-md0p3 259:2    0   150M  0 md     
  |-md0p4 259:3    0 148.5M  0 md     
  `-md0p5 259:4    0   147M  0 md     
sdh         8:112  0   250M  0 disk   
`-md0       9:0    0   744M  0 raid10 
  |-md0p1 259:0    0   147M  0 md     
  |-md0p2 259:1    0 148.5M  0 md     
  |-md0p3 259:2    0   150M  0 md     
  |-md0p4 259:3    0 148.5M  0 md     
  `-md0p5 259:4    0   147M  0 md     
sdi         8:128  0   250M  0 disk   
`-md1       9:1    0   496M  0 raid5  
sdj         8:144  0   250M  0 disk   
`-md1       9:1    0   496M  0 raid5  
sdk         8:160  0   250M  0 disk   
`-md1       9:1    0   496M  0 raid5  
]0;root@otuslinux:~[root@otuslinux ~]# cat /etc/fstab 

#
# /etc/fstab
# Created by anaconda on Thu Feb 28 20:50:01 2019
#
# Accessible filesystems, by reference, are maintained under '/dev/disk'
# See man pages fstab(5), findfs(8), mount(8) and/or blkid(8) for more info
#
UUID=f52f361a-da1a-4ea0-8c7f-ca2706e86b46 /                       xfs     defaults        0 0
/swapfile none swap defaults 0 0
]0;root@otuslinux:~[root@otuslinux ~]# cat /etc/fstab  [1P[1P[1P[1@e[1@c[1@h[1@o [1@ [1@"[1@"" /etc/fstab                    for i in $(seq 1 5); do sudo mkfs.ext4 /dev/md0p$i; done
mke2fs 1.42.9 (28-Dec-2013)
Filesystem label=
OS type: Linux
Block size=1024 (log=0)
Fragment size=1024 (log=0)
Stride=512 blocks, Stripe width=1536 blocks
37696 inodes, 150528 blocks
7526 blocks (5.00%) reserved for the super user
First data block=1
Maximum filesystem blocks=33816576
19 block groups
8192 blocks per group, 8192 fragments per group
1984 inodes per group
Superblock backups stored on blocks: 
	8193, 24577, 40961, 57345, 73729

Allocating group tables:  0/19     done                            
Writing inode tables:  0/19     done                            
Creating journal (4096 blocks): done
Writing superblocks and filesystem accounting information:  0/19     done

mke2fs 1.42.9 (28-Dec-2013)
Filesystem label=
OS type: Linux
Block size=1024 (log=0)
Fragment size=1024 (log=0)
Stride=512 blocks, Stripe width=1536 blocks
38152 inodes, 152064 blocks
7603 blocks (5.00%) reserved for the super user
First data block=1
Maximum filesystem blocks=33816576
19 block groups
8192 blocks per group, 8192 fragments per group
2008 inodes per group
Superblock backups stored on blocks: 
	8193, 24577, 40961, 57345, 73729

Allocating group tables:  0/19     done                            
Writing inode tables:  0/19     done                            
Creating journal (4096 blocks): done
Writing superblocks and filesystem accounting information:  0/19     done

mke2fs 1.42.9 (28-Dec-2013)
Filesystem label=
OS type: Linux
Block size=1024 (log=0)
Fragment size=1024 (log=0)
Stride=512 blocks, Stripe width=1536 blocks
38456 inodes, 153600 blocks
7680 blocks (5.00%) reserved for the super user
First data block=1
Maximum filesystem blocks=33816576
19 block groups
8192 blocks per group, 8192 fragments per group
2024 inodes per group
Superblock backups stored on blocks: 
	8193, 24577, 40961, 57345, 73729

Allocating group tables:  0/19     done                            
Writing inode tables:  0/19     done                            
Creating journal (4096 blocks): done
Writing superblocks and filesystem accounting information:  0/19     done

mke2fs 1.42.9 (28-Dec-2013)
Filesystem label=
OS type: Linux
Block size=1024 (log=0)
Fragment size=1024 (log=0)
Stride=512 blocks, Stripe width=1536 blocks
38152 inodes, 152064 blocks
7603 blocks (5.00%) reserved for the super user
First data block=1
Maximum filesystem blocks=33816576
19 block groups
8192 blocks per group, 8192 fragments per group
2008 inodes per group
Superblock backups stored on blocks: 
	8193, 24577, 40961, 57345, 73729

Allocating group tables:  0/19     done                            
Writing inode tables:  0/19     done                            
Creating journal (4096 blocks): done
Writing superblocks and filesystem accounting information:  0/19     done

mke2fs 1.42.9 (28-Dec-2013)
Filesystem label=
OS type: Linux
Block size=1024 (log=0)
Fragment size=1024 (log=0)
Stride=512 blocks, Stripe width=1536 blocks
37696 inodes, 150528 blocks
7526 blocks (5.00%) reserved for the super user
First data block=1
Maximum filesystem blocks=33816576
19 block groups
8192 blocks per group, 8192 fragments per group
1984 inodes per group
Superblock backups stored on blocks: 
	8193, 24577, 40961, 57345, 73729

Allocating group tables:  0/19     done                            
Writing inode tables:  0/19     done                            
Creating journal (4096 blocks): done
Writing superblocks and filesystem accounting information:  0/19     done

]0;root@otuslinux:~[root@otuslinux ~]# ll /dev/ | grep md
lrwxrwxrwx. 1 root root          25 May  9 21:03 initctl -> /run/syste[01;31m[Kmd[m[K/initctl/fifo
brw-rw----. 1 root disk      9,   0 May  9 21:30 [01;31m[Kmd[m[K0
brw-rw----. 1 root disk    259,   0 May  9 21:35 [01;31m[Kmd[m[K0p1
brw-rw----. 1 root disk    259,   1 May  9 21:35 [01;31m[Kmd[m[K0p2
brw-rw----. 1 root disk    259,   2 May  9 21:35 [01;31m[Kmd[m[K0p3
brw-rw----. 1 root disk    259,   3 May  9 21:35 [01;31m[Kmd[m[K0p4
brw-rw----. 1 root disk    259,   4 May  9 21:35 [01;31m[Kmd[m[K0p5
brw-rw----. 1 root disk      9,   1 May  9 21:12 [01;31m[Kmd[m[K1
]0;root@otuslinux:~[root@otuslinux ~]# ll /de     /
total 2097168
lrwxrwxrwx.   1 root    root             7 Feb 28 20:50 [0m[38;5;51mbin[0m -> [38;5;27musr/bin[0m
dr-xr-xr-x.   4 root    root          4096 Feb 28 20:54 [38;5;27mboot[0m
drwxr-xr-x.  17 root    root          3400 May  9 21:30 [38;5;27mdev[0m
drwxr-xr-x.  82 root    root          8192 May  9 21:03 [38;5;27metc[0m
drwxr-xr-x.   3 root    root            21 Feb 28 20:53 [38;5;27mhome[0m
lrwxrwxrwx.   1 root    root             7 Feb 28 20:50 [38;5;51mlib[0m -> [38;5;27musr/lib[0m
lrwxrwxrwx.   1 root    root             9 Feb 28 20:50 [38;5;51mlib64[0m -> [38;5;27musr/lib64[0m
drwxr-xr-x.   2 root    root             6 Apr 11  2018 [38;5;27mmedia[0m
drwxr-xr-x.   2 root    root             6 Apr 11  2018 [38;5;27mmnt[0m
drwxr-xr-x.   2 root    root             6 Apr 11  2018 [38;5;27mopt[0m
dr-xr-xr-x. 166 root    root             0 May  9 21:17 [38;5;27mproc[0m
drwxr-xr-x.   7 root    root            71 May  9 20:33 [38;5;27mraid[0m
dr-xr-x---.   6 root    root           259 May  9 21:27 [38;5;27mroot[0m
drwxr-xr-x.  26 root    root           780 May  9 21:03 [38;5;27mrun[0m
lrwxrwxrwx.   1 root    root             8 Feb 28 20:50 [38;5;51msbin[0m -> [38;5;27musr/sbin[0m
drwxr-xr-x.   2 root    root             6 Apr 11  2018 [38;5;27msrv[0m
-rw-------.   1 root    root    2147483648 Feb 28 20:54 swapfile
dr-xr-xr-x.  13 root    root             0 May  9 21:03 [38;5;27msys[0m
drwxrwxrwt.   9 root    root           208 May  9 21:36 [48;5;10;38;5;16mtmp[0m
drwxr-xr-x.  13 root    root           155 Feb 28 20:50 [38;5;27musr[0m
drwxr-xr-x.   2 vagrant vagrant         25 May  9 18:35 [38;5;27mvagrant[0m
drwxr-xr-x.  18 root    root           254 May  9 19:42 [38;5;27mvar[0m
]0;root@otuslinux:~[root@otuslinux ~]# ll /raid/
total 0
drwxr-xr-x. 2 root root 6 May  9 20:33 [0m[38;5;27mpart1[0m
drwxr-xr-x. 2 root root 6 May  9 20:33 [38;5;27mpart2[0m
drwxr-xr-x. 2 root root 6 May  9 20:33 [38;5;27mpart3[0m
drwxr-xr-x. 2 root root 6 May  9 20:33 [38;5;27mpart4[0m
drwxr-xr-x. 2 root root 6 May  9 20:33 [38;5;27mpart5[0m
]0;root@otuslinux:~[root@otuslinux ~]# ll /raid/part1
total 0
]0;root@otuslinux:~[root@otuslinux ~]# for i in $(seq 1 5); do mount /dev/md0p$i /raid/part$i; done
]0;root@otuslinux:~[root@otuslinux ~]# for i in $(seq 1 5); do mount /dev/md0p$i /raid/part$i; done[root@otuslinux ~]# ll /raid/part1[K
total 12
drwx------. 2 root root 12288 May  9 21:35 [0m[38;5;27mlost+found[0m
]0;root@otuslinux:~[root@otuslinux ~]# ll /raid/part1 *
/raid/part1:
total 12
drwx------. 2 root root 12288 May  9 21:35 [0m[38;5;27m